// Jest Snapshot v1, https://goo.gl/fbAQLP

exports[`unit/snapshot tests for ArticleRow should render correctly with the supplied mock article 1`] = `
<ForwardRef
  onPress={[MockFunction]}
  style={
    Array [
      Object {
        "paddingHorizontal": 20,
        "paddingVertical": 15,
      },
      undefined,
    ]
  }
  testID="touchable"
>
  <View
    style={
      Array [
        Object {
          "flex": 1,
        },
        Object {
          "alignItems": "center",
          "flexDirection": "row",
        },
      ]
    }
  >
    <View
      style={
        Object {
          "backgroundColor": "#9a9a9a",
          "borderRadius": 30,
          "height": 60,
          "marginRight": 15,
          "overflow": "hidden",
          "width": 60,
        }
      }
    >
      <Image
        resizeMode="cover"
        source={
          Object {
            "uri": "some.url",
          }
        }
        style={
          Object {
            "flex": 1,
          }
        }
        testID="article-thumbnail"
      />
    </View>
    <View
      style={
        Object {
          "flex": 1,
        }
      }
    >
      <Text
        numberOfLines={2}
        style={
          Object {
            "color": "#000",
            "fontSize": 17,
          }
        }
        testID="article-title"
      >
        Mock title
      </Text>
      <Text
        style={
          Array [
            Object {
              "color": "#808080",
              "fontSize": 15,
            },
            Object {
              "marginTop": 10,
            },
          ]
        }
        testID="article-author"
      >
        Mock Author
      </Text>
      <View
        style={
          Array [
            Object {
              "marginTop": 5,
            },
            Object {
              "alignItems": "center",
              "flexDirection": "row",
            },
          ]
        }
      >
        <Text
          style={
            Object {
              "color": "#808080",
              "fontSize": 15,
            }
          }
        >
          Mock source
        </Text>
        <View
          style={
            Object {
              "flex": 1,
            }
          }
        />
        <View
          style={
            Object {
              "alignItems": "center",
              "flexDirection": "row",
            }
          }
        >
          <Image
            source={
              Object {
                "testUri": "../../../src/assets/images/calendar.png",
              }
            }
            style={
              Object {
                "height": 15,
                "marginRight": 6,
                "tintColor": "#808080",
                "width": 15,
              }
            }
          />
          <Text
            style={
              Object {
                "color": "#808080",
                "fontSize": 15,
              }
            }
          >
            2021-01-05
          </Text>
        </View>
      </View>
    </View>
    <View>
      <Image
        source={
          Object {
            "testUri": "../../../src/assets/images/next.png",
          }
        }
        style={
          Object {
            "height": 15,
            "marginLeft": 15,
            "tintColor": "#808080",
            "width": 15,
          }
        }
      />
    </View>
  </View>
</ForwardRef>
`;
